// Jest Snapshot v1, https://goo.gl/fbAQLP

exports[`connector/fallback connect send function accepts all comands command.android 1`] = `false`;

exports[`connector/fallback connect send function accepts all comands command.branchDefaultLang 1`] = `
Object {
  "key": "en",
  "locale": "en_US",
  "localizedName": "English",
  "name": "English",
}
`;

exports[`connector/fallback connect send function accepts all comands command.ios 1`] = `false`;

exports[`connector/fallback connect send function accepts all comands command.langInfos 1`] = `
Object {
  "branchDefaultLanguage": Object {
    "key": "en",
    "locale": "en_US",
    "localizedName": "English",
    "name": "English",
  },
  "branchLanguages": Object {
    "af": Object {
      "key": "af",
      "locale": "af_ZA",
      "localizedName": "Afrikaans",
      "name": "Afrikaans",
    },
    "am": Object {
      "key": "am",
      "locale": "am_ET",
      "localizedName": "Amharic",
      "name": "አማርኛ",
    },
    "ar": Object {
      "direction": "rtl",
      "key": "ar",
      "locale": "ar_SA",
      "localizedName": "Arabic (Saudi Arabia)",
      "name": "العربية (المملكة العربية السعودية)",
    },
    "arAE": Object {
      "direction": "rtl",
      "key": "arAE",
      "locale": "ar_AE",
      "localizedName": "Arabic (United Arab Emirates)",
      "name": "العربية (الإمارات العربية المتحدة)",
    },
    "arEG": Object {
      "direction": "rtl",
      "key": "arEG",
      "locale": "ar_EG",
      "localizedName": "Arabic (Egypt)",
      "name": "العربية (مصر)",
    },
    "bg": Object {
      "key": "bg",
      "locale": "bg_BG",
      "localizedName": "Bulgarian",
      "name": "български",
    },
    "bn": Object {
      "key": "bn",
      "locale": "bn_BD",
      "localizedName": "Bengali",
      "name": "বাংলা",
    },
    "bs": Object {
      "key": "bs",
      "locale": "bs_BA",
      "localizedName": "Bosnian",
      "name": "Bosanski",
    },
    "cs": Object {
      "key": "cs",
      "locale": "cs_CZ",
      "localizedName": "Czech",
      "name": "Čeština",
    },
    "cy": Object {
      "key": "cy",
      "locale": "cy_GB",
      "localizedName": "Welsh",
      "name": "Cymraeg",
    },
    "da": Object {
      "key": "da",
      "locale": "da_DK",
      "localizedName": "Danish",
      "name": "Dansk",
    },
    "de": Object {
      "key": "de",
      "locale": "de_DE",
      "localizedName": "German",
      "name": "Deutsch",
    },
    "el": Object {
      "key": "el",
      "locale": "el_GR",
      "localizedName": "Greek",
      "name": "Ελληνικά",
    },
    "en": Object {
      "key": "en",
      "locale": "en_US",
      "localizedName": "English",
      "name": "English",
    },
    "es": Object {
      "key": "es",
      "locale": "es_ES",
      "localizedName": "Spanish (Spain)",
      "name": "Español (España)",
    },
    "esMX": Object {
      "key": "esMX",
      "locale": "es_MX",
      "localizedName": "Spanish (Mexico)",
      "name": "Español (México)",
    },
    "et": Object {
      "key": "et",
      "locale": "et_EE",
      "localizedName": "Estonian",
      "name": "Eesti keel",
    },
    "fi": Object {
      "key": "fi",
      "locale": "fi_FI",
      "localizedName": "Finnish",
      "name": "Suomi",
    },
    "fr": Object {
      "key": "fr",
      "locale": "fr_FR",
      "localizedName": "French (France)",
      "name": "Français (France)",
    },
    "frCA": Object {
      "key": "frCA",
      "locale": "fr_CA",
      "localizedName": "French (Canada)",
      "name": "Français (Canada)",
    },
    "he": Object {
      "direction": "rtl",
      "key": "he",
      "locale": "he_IL",
      "localizedName": "Hebrew",
      "name": "עִבְרִית",
    },
    "hi": Object {
      "key": "hi",
      "locale": "hi_IN",
      "localizedName": "Hindi",
      "name": "िन्दी",
    },
    "hk": Object {
      "key": "hk",
      "locale": "zh_HK",
      "localizedName": "Chinese traditional",
      "name": "繁體中文",
    },
    "hr": Object {
      "key": "hr",
      "locale": "hr_HR",
      "localizedName": "Croatian",
      "name": "Hrvatski",
    },
    "ht": Object {
      "key": "ht",
      "locale": "ht_HT",
      "localizedName": "Haitian Creole",
      "name": "kreyòl ayisyen",
    },
    "hu": Object {
      "key": "hu",
      "locale": "hu_HU",
      "localizedName": "Hungarian",
      "name": "Magyar",
    },
    "in": Object {
      "key": "in",
      "locale": "in_ID",
      "localizedName": "Indonesian",
      "name": "Bahasa Indonesia",
    },
    "is": Object {
      "key": "is",
      "locale": "is_IS",
      "localizedName": "Icelandic",
      "name": "Íslenska",
    },
    "it": Object {
      "key": "it",
      "locale": "it_IT",
      "localizedName": "Italian",
      "name": "Italiano",
    },
    "ja": Object {
      "key": "ja",
      "locale": "ja_JP",
      "localizedName": "Japanese",
      "name": "日本語",
    },
    "kl": Object {
      "key": "kl",
      "locale": "kl_GL",
      "localizedName": "Greenlandic",
      "name": "Kalaallisut",
    },
    "km": Object {
      "key": "km",
      "locale": "km_KH",
      "localizedName": "Khmer",
      "name": "ខ្មែរ",
    },
    "ko": Object {
      "key": "ko",
      "locale": "ko_KR",
      "localizedName": "Korean",
      "name": "한국어",
    },
    "lo": Object {
      "key": "lo",
      "locale": "lo_LA",
      "localizedName": "Lao",
      "name": "ລາວ",
    },
    "lt": Object {
      "key": "lt",
      "locale": "lt_LT",
      "localizedName": "Lithuanian",
      "name": "Lietuvių",
    },
    "lv": Object {
      "key": "lv",
      "locale": "lv_LV",
      "localizedName": "Latvian",
      "name": "Latviešu",
    },
    "mg": Object {
      "key": "mg",
      "locale": "mg_MG",
      "localizedName": "Malagasy",
      "name": "Malagasy",
    },
    "mh": Object {
      "key": "mh",
      "locale": "mh_MH",
      "localizedName": "Marshallese",
      "name": "Kajin M̧ajeļ",
    },
    "mi": Object {
      "key": "mi",
      "locale": "mi_NZ",
      "localizedName": "Māori",
      "name": "Māori",
    },
    "mk": Object {
      "key": "mk",
      "locale": "mk_MK",
      "localizedName": "Macedonian",
      "name": "Македонски",
    },
    "mn": Object {
      "key": "mn",
      "locale": "mn_MN",
      "localizedName": "Mongolian",
      "name": "монгол",
    },
    "mr": Object {
      "key": "mr",
      "locale": "mr_IN",
      "localizedName": "Marathi",
      "name": "मराठी",
    },
    "ms": Object {
      "key": "ms",
      "locale": "ms_MY",
      "localizedName": "Malay",
      "name": "Bahasa Melayu",
    },
    "my": Object {
      "key": "my",
      "locale": "my_MM",
      "localizedName": "Burmese",
      "name": "Burmese",
    },
    "ne": Object {
      "key": "ne",
      "locale": "ne_NP",
      "localizedName": "Nepali",
      "name": "नेपाली",
    },
    "nl": Object {
      "key": "nl",
      "locale": "nl_NL",
      "localizedName": "Dutch",
      "name": "Nederlands",
    },
    "nlBE": Object {
      "key": "nlBE",
      "locale": "nl_BE",
      "localizedName": "Flemish",
      "name": "Vlaemsch",
    },
    "no": Object {
      "key": "no",
      "locale": "no_NO",
      "localizedName": "Norwegian",
      "name": "Norsk",
    },
    "pl": Object {
      "key": "pl",
      "locale": "pl_PL",
      "localizedName": "Polish",
      "name": "Polski",
    },
    "pt": Object {
      "key": "pt",
      "locale": "pt_PT",
      "localizedName": "Portuguese (Portugal)",
      "name": "Português (Portugal)",
    },
    "ptBR": Object {
      "key": "ptBR",
      "locale": "pt_BR",
      "localizedName": "Portuguese (Brazil)",
      "name": "Português (Brasil)",
    },
    "ro": Object {
      "key": "ro",
      "locale": "ro_RO",
      "localizedName": "Romanian",
      "name": "Română",
    },
    "ru": Object {
      "key": "ru",
      "locale": "ru_RU",
      "localizedName": "Russian",
      "name": "Русский",
    },
    "si": Object {
      "key": "si",
      "locale": "si_LK",
      "localizedName": "Sinhala",
      "name": "සිංහල",
    },
    "sk": Object {
      "key": "sk",
      "locale": "sk_SK",
      "localizedName": "Slovak",
      "name": "Slovenský",
    },
    "sl": Object {
      "key": "sl",
      "locale": "sl_SI",
      "localizedName": "Slovenian",
      "name": "Slovenščina",
    },
    "so": Object {
      "key": "so",
      "locale": "so_SO",
      "localizedName": "Somali",
      "name": "Af-Soomaali",
    },
    "sq": Object {
      "key": "sq",
      "locale": "sq_AL",
      "localizedName": "Albanian",
      "name": "Shqip",
    },
    "sr": Object {
      "key": "sr",
      "locale": "sr_RS",
      "localizedName": "Serbian",
      "name": "Српски",
    },
    "sv": Object {
      "key": "sv",
      "locale": "sv_SE",
      "localizedName": "Swedish",
      "name": "Svenska",
    },
    "sw": Object {
      "key": "sw",
      "locale": "sw_TZ",
      "localizedName": "Swahili",
      "name": "Swahili",
    },
    "ta": Object {
      "key": "ta",
      "locale": "ta_IN",
      "localizedName": "Tamil",
      "name": "தமிழ்",
    },
    "th": Object {
      "key": "th",
      "locale": "th_TH",
      "localizedName": "Thai",
      "name": "ภาษาไทย",
    },
    "tl": Object {
      "key": "tl",
      "locale": "tl_PH",
      "localizedName": "Filipino",
      "name": "Filipino",
    },
    "tr": Object {
      "key": "tr",
      "locale": "tr_TR",
      "localizedName": "Turkish",
      "name": "Türkçe",
    },
    "uk": Object {
      "key": "uk",
      "locale": "uk_UA",
      "localizedName": "Ukrainian",
      "name": "Українська",
    },
    "ur": Object {
      "direction": "rtl",
      "key": "ur",
      "locale": "ur_PK",
      "localizedName": "Urdu",
      "name": "اُردُو",
    },
    "vi": Object {
      "key": "vi",
      "locale": "vi_VN",
      "localizedName": "Vietnamese",
      "name": "Tiếng Việt",
    },
    "zh": Object {
      "key": "zh",
      "locale": "zh_CN",
      "localizedName": "Chinese",
      "name": "简体中文",
    },
    "zu": Object {
      "key": "zu",
      "locale": "zu_ZA",
      "localizedName": "Zulu",
      "name": "isiZulu",
    },
  },
  "contentLanguage": Object {
    "key": "en",
    "locale": "en_US",
    "localizedName": "English",
    "name": "English",
  },
  "contentLanguages": Object {
    "af": Object {
      "key": "af",
      "locale": "af_ZA",
      "localizedName": "Afrikaans",
      "name": "Afrikaans",
    },
    "am": Object {
      "key": "am",
      "locale": "am_ET",
      "localizedName": "Amharic",
      "name": "አማርኛ",
    },
    "ar": Object {
      "direction": "rtl",
      "key": "ar",
      "locale": "ar_SA",
      "localizedName": "Arabic (Saudi Arabia)",
      "name": "العربية (المملكة العربية السعودية)",
    },
    "arAE": Object {
      "direction": "rtl",
      "key": "arAE",
      "locale": "ar_AE",
      "localizedName": "Arabic (United Arab Emirates)",
      "name": "العربية (الإمارات العربية المتحدة)",
    },
    "arEG": Object {
      "direction": "rtl",
      "key": "arEG",
      "locale": "ar_EG",
      "localizedName": "Arabic (Egypt)",
      "name": "العربية (مصر)",
    },
    "bg": Object {
      "key": "bg",
      "locale": "bg_BG",
      "localizedName": "Bulgarian",
      "name": "български",
    },
    "bn": Object {
      "key": "bn",
      "locale": "bn_BD",
      "localizedName": "Bengali",
      "name": "বাংলা",
    },
    "bs": Object {
      "key": "bs",
      "locale": "bs_BA",
      "localizedName": "Bosnian",
      "name": "Bosanski",
    },
    "cs": Object {
      "key": "cs",
      "locale": "cs_CZ",
      "localizedName": "Czech",
      "name": "Čeština",
    },
    "cy": Object {
      "key": "cy",
      "locale": "cy_GB",
      "localizedName": "Welsh",
      "name": "Cymraeg",
    },
    "da": Object {
      "key": "da",
      "locale": "da_DK",
      "localizedName": "Danish",
      "name": "Dansk",
    },
    "de": Object {
      "key": "de",
      "locale": "de_DE",
      "localizedName": "German",
      "name": "Deutsch",
    },
    "el": Object {
      "key": "el",
      "locale": "el_GR",
      "localizedName": "Greek",
      "name": "Ελληνικά",
    },
    "en": Object {
      "key": "en",
      "locale": "en_US",
      "localizedName": "English",
      "name": "English",
    },
    "es": Object {
      "key": "es",
      "locale": "es_ES",
      "localizedName": "Spanish (Spain)",
      "name": "Español (España)",
    },
    "esMX": Object {
      "key": "esMX",
      "locale": "es_MX",
      "localizedName": "Spanish (Mexico)",
      "name": "Español (México)",
    },
    "et": Object {
      "key": "et",
      "locale": "et_EE",
      "localizedName": "Estonian",
      "name": "Eesti keel",
    },
    "fi": Object {
      "key": "fi",
      "locale": "fi_FI",
      "localizedName": "Finnish",
      "name": "Suomi",
    },
    "fr": Object {
      "key": "fr",
      "locale": "fr_FR",
      "localizedName": "French (France)",
      "name": "Français (France)",
    },
    "frCA": Object {
      "key": "frCA",
      "locale": "fr_CA",
      "localizedName": "French (Canada)",
      "name": "Français (Canada)",
    },
    "he": Object {
      "direction": "rtl",
      "key": "he",
      "locale": "he_IL",
      "localizedName": "Hebrew",
      "name": "עִבְרִית",
    },
    "hi": Object {
      "key": "hi",
      "locale": "hi_IN",
      "localizedName": "Hindi",
      "name": "िन्दी",
    },
    "hk": Object {
      "key": "hk",
      "locale": "zh_HK",
      "localizedName": "Chinese traditional",
      "name": "繁體中文",
    },
    "hr": Object {
      "key": "hr",
      "locale": "hr_HR",
      "localizedName": "Croatian",
      "name": "Hrvatski",
    },
    "ht": Object {
      "key": "ht",
      "locale": "ht_HT",
      "localizedName": "Haitian Creole",
      "name": "kreyòl ayisyen",
    },
    "hu": Object {
      "key": "hu",
      "locale": "hu_HU",
      "localizedName": "Hungarian",
      "name": "Magyar",
    },
    "in": Object {
      "key": "in",
      "locale": "in_ID",
      "localizedName": "Indonesian",
      "name": "Bahasa Indonesia",
    },
    "is": Object {
      "key": "is",
      "locale": "is_IS",
      "localizedName": "Icelandic",
      "name": "Íslenska",
    },
    "it": Object {
      "key": "it",
      "locale": "it_IT",
      "localizedName": "Italian",
      "name": "Italiano",
    },
    "ja": Object {
      "key": "ja",
      "locale": "ja_JP",
      "localizedName": "Japanese",
      "name": "日本語",
    },
    "kl": Object {
      "key": "kl",
      "locale": "kl_GL",
      "localizedName": "Greenlandic",
      "name": "Kalaallisut",
    },
    "km": Object {
      "key": "km",
      "locale": "km_KH",
      "localizedName": "Khmer",
      "name": "ខ្មែរ",
    },
    "ko": Object {
      "key": "ko",
      "locale": "ko_KR",
      "localizedName": "Korean",
      "name": "한국어",
    },
    "lo": Object {
      "key": "lo",
      "locale": "lo_LA",
      "localizedName": "Lao",
      "name": "ລາວ",
    },
    "lt": Object {
      "key": "lt",
      "locale": "lt_LT",
      "localizedName": "Lithuanian",
      "name": "Lietuvių",
    },
    "lv": Object {
      "key": "lv",
      "locale": "lv_LV",
      "localizedName": "Latvian",
      "name": "Latviešu",
    },
    "mg": Object {
      "key": "mg",
      "locale": "mg_MG",
      "localizedName": "Malagasy",
      "name": "Malagasy",
    },
    "mh": Object {
      "key": "mh",
      "locale": "mh_MH",
      "localizedName": "Marshallese",
      "name": "Kajin M̧ajeļ",
    },
    "mi": Object {
      "key": "mi",
      "locale": "mi_NZ",
      "localizedName": "Māori",
      "name": "Māori",
    },
    "mk": Object {
      "key": "mk",
      "locale": "mk_MK",
      "localizedName": "Macedonian",
      "name": "Македонски",
    },
    "mn": Object {
      "key": "mn",
      "locale": "mn_MN",
      "localizedName": "Mongolian",
      "name": "монгол",
    },
    "mr": Object {
      "key": "mr",
      "locale": "mr_IN",
      "localizedName": "Marathi",
      "name": "मराठी",
    },
    "ms": Object {
      "key": "ms",
      "locale": "ms_MY",
      "localizedName": "Malay",
      "name": "Bahasa Melayu",
    },
    "my": Object {
      "key": "my",
      "locale": "my_MM",
      "localizedName": "Burmese",
      "name": "Burmese",
    },
    "ne": Object {
      "key": "ne",
      "locale": "ne_NP",
      "localizedName": "Nepali",
      "name": "नेपाली",
    },
    "nl": Object {
      "key": "nl",
      "locale": "nl_NL",
      "localizedName": "Dutch",
      "name": "Nederlands",
    },
    "nlBE": Object {
      "key": "nlBE",
      "locale": "nl_BE",
      "localizedName": "Flemish",
      "name": "Vlaemsch",
    },
    "no": Object {
      "key": "no",
      "locale": "no_NO",
      "localizedName": "Norwegian",
      "name": "Norsk",
    },
    "pl": Object {
      "key": "pl",
      "locale": "pl_PL",
      "localizedName": "Polish",
      "name": "Polski",
    },
    "pt": Object {
      "key": "pt",
      "locale": "pt_PT",
      "localizedName": "Portuguese (Portugal)",
      "name": "Português (Portugal)",
    },
    "ptBR": Object {
      "key": "ptBR",
      "locale": "pt_BR",
      "localizedName": "Portuguese (Brazil)",
      "name": "Português (Brasil)",
    },
    "ro": Object {
      "key": "ro",
      "locale": "ro_RO",
      "localizedName": "Romanian",
      "name": "Română",
    },
    "ru": Object {
      "key": "ru",
      "locale": "ru_RU",
      "localizedName": "Russian",
      "name": "Русский",
    },
    "si": Object {
      "key": "si",
      "locale": "si_LK",
      "localizedName": "Sinhala",
      "name": "සිංහල",
    },
    "sk": Object {
      "key": "sk",
      "locale": "sk_SK",
      "localizedName": "Slovak",
      "name": "Slovenský",
    },
    "sl": Object {
      "key": "sl",
      "locale": "sl_SI",
      "localizedName": "Slovenian",
      "name": "Slovenščina",
    },
    "so": Object {
      "key": "so",
      "locale": "so_SO",
      "localizedName": "Somali",
      "name": "Af-Soomaali",
    },
    "sq": Object {
      "key": "sq",
      "locale": "sq_AL",
      "localizedName": "Albanian",
      "name": "Shqip",
    },
    "sr": Object {
      "key": "sr",
      "locale": "sr_RS",
      "localizedName": "Serbian",
      "name": "Српски",
    },
    "sv": Object {
      "key": "sv",
      "locale": "sv_SE",
      "localizedName": "Swedish",
      "name": "Svenska",
    },
    "sw": Object {
      "key": "sw",
      "locale": "sw_TZ",
      "localizedName": "Swahili",
      "name": "Swahili",
    },
    "ta": Object {
      "key": "ta",
      "locale": "ta_IN",
      "localizedName": "Tamil",
      "name": "தமிழ்",
    },
    "th": Object {
      "key": "th",
      "locale": "th_TH",
      "localizedName": "Thai",
      "name": "ภาษาไทย",
    },
    "tl": Object {
      "key": "tl",
      "locale": "tl_PH",
      "localizedName": "Filipino",
      "name": "Filipino",
    },
    "tr": Object {
      "key": "tr",
      "locale": "tr_TR",
      "localizedName": "Turkish",
      "name": "Türkçe",
    },
    "uk": Object {
      "key": "uk",
      "locale": "uk_UA",
      "localizedName": "Ukrainian",
      "name": "Українська",
    },
    "ur": Object {
      "direction": "rtl",
      "key": "ur",
      "locale": "ur_PK",
      "localizedName": "Urdu",
      "name": "اُردُو",
    },
    "vi": Object {
      "key": "vi",
      "locale": "vi_VN",
      "localizedName": "Vietnamese",
      "name": "Tiếng Việt",
    },
    "zh": Object {
      "key": "zh",
      "locale": "zh_CN",
      "localizedName": "Chinese",
      "name": "简体中文",
    },
    "zu": Object {
      "key": "zu",
      "locale": "zu_ZA",
      "localizedName": "Zulu",
      "name": "isiZulu",
    },
  },
  "deviceLanguage": Object {
    "key": "en",
    "locale": "en_US",
    "localizedName": "English",
    "name": "English",
  },
}
`;

exports[`connector/fallback connect send function accepts all comands command.mobile 1`] = `false`;

exports[`connector/fallback connect send function accepts all comands command.native 1`] = `false`;

exports[`connector/fallback connect send function accepts all comands command.nativeShare 1`] = `undefined`;

exports[`connector/fallback connect send function accepts all comands command.nativeUpload 1`] = `undefined`;

exports[`connector/fallback connect send function accepts all comands command.openLink 1`] = `undefined`;

exports[`connector/fallback connect send function accepts all comands command.prefContentLang 1`] = `"en_US"`;

exports[`connector/fallback connect send function accepts all comands command.version 1`] = `"3.4"`;
